// Jest Snapshot v1, https://goo.gl/fbAQLP

exports[`Picture renders 1`] = `
<View
  style={
    Object {
      "alignItems": "center",
      "borderColor": "black",
      "borderRadius": 50,
      "borderWidth": 2,
      "flex": 1,
      "height": 100,
      "justifyContent": "center",
      "margin": 10,
      "marginTop": 30,
      "overflow": "hidden",
      "width": 100,
    }
  }
>
  <Image
    style={
      Object {
        "height": 100,
        "width": 100,
      }
    }
  />
</View>
`;
